Traceback (most recent call last):
  File "/Users/yuehao/opt/pyvenv/teaching/lib/python3.12/site-packages/jupyter_cache/executors/utils.py", line 58, in single_nb_execution
    executenb(
  File "/Users/yuehao/opt/pyvenv/teaching/lib/python3.12/site-packages/nbclient/client.py", line 1319, in execute
    return NotebookClient(nb=nb, resources=resources, km=km, **kwargs).execute()
           ^^^^^^^^^^^^^^^^^^^^^^^^^^^^^^^^^^^^^^^^^^^^^^^^^^^^^^^^^^^^^^^^^^^^^
  File "/Users/yuehao/opt/pyvenv/teaching/lib/python3.12/site-packages/jupyter_core/utils/__init__.py", line 165, in wrapped
    return loop.run_until_complete(inner)
           ^^^^^^^^^^^^^^^^^^^^^^^^^^^^^^
  File "/opt/homebrew/Cellar/python@3.12/3.12.8/Frameworks/Python.framework/Versions/3.12/lib/python3.12/asyncio/base_events.py", line 686, in run_until_complete
    return future.result()
           ^^^^^^^^^^^^^^^
  File "/Users/yuehao/opt/pyvenv/teaching/lib/python3.12/site-packages/nbclient/client.py", line 709, in async_execute
    await self.async_execute_cell(
  File "/Users/yuehao/opt/pyvenv/teaching/lib/python3.12/site-packages/nbclient/client.py", line 1062, in async_execute_cell
    await self._check_raise_for_error(cell, cell_index, exec_reply)
  File "/Users/yuehao/opt/pyvenv/teaching/lib/python3.12/site-packages/nbclient/client.py", line 918, in _check_raise_for_error
    raise CellExecutionError.from_cell_and_msg(cell, exec_reply_content)
nbclient.exceptions.CellExecutionError: An error occurred while executing the following cell:
------------------
import numpy as np
import matplotlib.pyplot as plt
%matplotlib widget

def cir_rtd_potential(theta, radius=1, boundary=10, ngrid=300, gamma=1000):
    beta_amp=np.sqrt(1-1/gamma**2)
    position=np.array([np.cos(theta), np.sin(theta)])*radius
    velocity=np.array([np.cos(theta+np.pi/2), np.sin(theta+np.pi/2)])*beta_amp
    x=np.linspace(-boundary/2.0, boundary/2.0, ngrid)
    y=np.linspace(-boundary/2.0, boundary/2.0, ngrid)
    xx,yy=np.meshgrid(x,y)
    rdist=np.sqrt((xx-position[0])**2+(yy-position[1])**2)
    betadotr=(velocity[0]*(xx-position[0])+velocity[1]*(yy-position[1]))/rdist
    phi=1/(1-betadotr)/rdist
    
    return xx, yy, phi
r=1
theta=3*np.pi/12
xx, yy, phi=cir_rtd_potential(theta, radius=r, gamma=500)
fig, ax=plt.subplots()
ax.set_xlim(-5,5)
ax.set_ylim(-5,5)
circle = plt.Circle( (0., 0. ), r ,fill = False, color='C3', alpha=0.5 )
 

ax.add_artist(circle)
ax.set_aspect('equal')
mask=xx*xx+yy*yy>1.3*r*r
ax.contour(xx, yy, phi, np.linspace(np.min(phi[mask]**0.5), np.max(phi[mask]**0.5),20, endpoint=True)**2, alpha=0.5)
ax.scatter([r*np.cos(theta),], [r*np.sin(theta),], c='C2', alpha=0.5)

------------------


[0;31m---------------------------------------------------------------------------[0m
[0;31mModuleNotFoundError[0m                       Traceback (most recent call last)
Cell [0;32mIn[1], line 1[0m
[0;32m----> 1[0m [38;5;28;01mimport[39;00m[38;5;250m [39m[38;5;21;01mnumpy[39;00m[38;5;250m [39m[38;5;28;01mas[39;00m[38;5;250m [39m[38;5;21;01mnp[39;00m
[1;32m      2[0m [38;5;28;01mimport[39;00m[38;5;250m [39m[38;5;21;01mmatplotlib[39;00m[38;5;21;01m.[39;00m[38;5;21;01mpyplot[39;00m[38;5;250m [39m[38;5;28;01mas[39;00m[38;5;250m [39m[38;5;21;01mplt[39;00m
[1;32m      3[0m get_ipython()[38;5;241m.[39mrun_line_magic([38;5;124m'[39m[38;5;124mmatplotlib[39m[38;5;124m'[39m, [38;5;124m'[39m[38;5;124mwidget[39m[38;5;124m'[39m)

[0;31mModuleNotFoundError[0m: No module named 'numpy'

