Traceback (most recent call last):
  File "/Users/yuehao/opt/pyvenv/teaching/lib/python3.12/site-packages/jupyter_cache/executors/utils.py", line 58, in single_nb_execution
    executenb(
  File "/Users/yuehao/opt/pyvenv/teaching/lib/python3.12/site-packages/nbclient/client.py", line 1319, in execute
    return NotebookClient(nb=nb, resources=resources, km=km, **kwargs).execute()
           ^^^^^^^^^^^^^^^^^^^^^^^^^^^^^^^^^^^^^^^^^^^^^^^^^^^^^^^^^^^^^^^^^^^^^
  File "/Users/yuehao/opt/pyvenv/teaching/lib/python3.12/site-packages/jupyter_core/utils/__init__.py", line 165, in wrapped
    return loop.run_until_complete(inner)
           ^^^^^^^^^^^^^^^^^^^^^^^^^^^^^^
  File "/opt/homebrew/Cellar/python@3.12/3.12.8/Frameworks/Python.framework/Versions/3.12/lib/python3.12/asyncio/base_events.py", line 686, in run_until_complete
    return future.result()
           ^^^^^^^^^^^^^^^
  File "/Users/yuehao/opt/pyvenv/teaching/lib/python3.12/site-packages/nbclient/client.py", line 709, in async_execute
    await self.async_execute_cell(
  File "/Users/yuehao/opt/pyvenv/teaching/lib/python3.12/site-packages/nbclient/client.py", line 1062, in async_execute_cell
    await self._check_raise_for_error(cell, cell_index, exec_reply)
  File "/Users/yuehao/opt/pyvenv/teaching/lib/python3.12/site-packages/nbclient/client.py", line 918, in _check_raise_for_error
    raise CellExecutionError.from_cell_and_msg(cell, exec_reply_content)
nbclient.exceptions.CellExecutionError: An error occurred while executing the following cell:
------------------
import sympy as sp
from sympy.physics.quantum import TensorProduct
fs=sp.symbols("f_s")
Msq=sp.eye(4)
Msq[1,2]=1/fs; Msq[3,0]=1/fs

rotang=sp.symbols(r"\theta")
rot2d=sp.Matrix([[sp.cos(rotang), -sp.sin(rotang)],[sp.sin(rotang), sp.cos(rotang)]])
rot4d=TensorProduct(rot2d, sp.eye(2))
rotMsq=sp.simplify(rot4d.subs(rotang, -rotang)*Msq*rot4d)
rotMsq.subs(rotang, -sp.pi/4)
------------------


[0;31m---------------------------------------------------------------------------[0m
[0;31mModuleNotFoundError[0m                       Traceback (most recent call last)
Cell [0;32mIn[1], line 1[0m
[0;32m----> 1[0m [38;5;28;01mimport[39;00m[38;5;250m [39m[38;5;21;01msympy[39;00m[38;5;250m [39m[38;5;28;01mas[39;00m[38;5;250m [39m[38;5;21;01msp[39;00m
[1;32m      2[0m [38;5;28;01mfrom[39;00m[38;5;250m [39m[38;5;21;01msympy[39;00m[38;5;21;01m.[39;00m[38;5;21;01mphysics[39;00m[38;5;21;01m.[39;00m[38;5;21;01mquantum[39;00m[38;5;250m [39m[38;5;28;01mimport[39;00m TensorProduct
[1;32m      3[0m fs[38;5;241m=[39msp[38;5;241m.[39msymbols([38;5;124m"[39m[38;5;124mf_s[39m[38;5;124m"[39m)

[0;31mModuleNotFoundError[0m: No module named 'sympy'

